.......................                                                  [100%]
23 passed in 32.94s
